conf_epos.c:22:6:SetMyDict	16	static
conf_epos.c:47:6:EposMaster_Init	16	static
conf_epos.c:58:6:EposMaster_Start	48	static
conf_epos.c:113:6:EposMaster_Stop	8	static
conf_epos.c:124:6:writeNetwork	32	static
conf_epos.c:136:6:Node_ParamConfig	16	static
conf_epos.c:178:6:Node_StructInit	16	static
conf_epos.c:209:6:Print	16	static
conf_epos.c:223:6:Node_PDOConfig	16	static
conf_epos.c:253:6:Node_setMode	16	static
conf_epos.c:318:6:Node_OperEn	16	static
conf_epos.c:331:6:Node_DisEn	16	static
conf_epos.c:338:6:Epos_Delay	16	static
